[    3103ms] [INFO] %cDownload the React DevTools for a better development experience: https://react.dev/link/react-devtools font-weight:bold @ http://localhost:3001/_next/static/chunks/node_modules_next_dist_1ybzpk2._.js:2477
[    3237ms] [LOG] [HMR] connected @ http://localhost:3001/_next/static/chunks/node_modules_next_dist_1ybzpk2._.js:2477
[  355842ms] [LOG] [Fast Refresh] rebuilding @ http://localhost:3001/_next/static/chunks/node_modules_next_dist_1ybzpk2._.js:2477
[  355957ms] [LOG] [Fast Refresh] done in 217ms @ http://localhost:3001/_next/static/chunks/node_modules_next_dist_1ybzpk2._.js:2477
[  371119ms] [LOG] [Fast Refresh] rebuilding @ http://localhost:3001/_next/static/chunks/node_modules_next_dist_1ybzpk2._.js:2477
[  372128ms] [LOG] [Fast Refresh] done in 1119ms @ http://localhost:3001/_next/static/chunks/node_modules_next_dist_1ybzpk2._.js:2477
[  372374ms] [LOG] [Fast Refresh] rebuilding @ http://localhost:3001/_next/static/chunks/node_modules_next_dist_1ybzpk2._.js:2477
[  372719ms] [LOG] [Fast Refresh] done in 446ms @ http://localhost:3001/_next/static/chunks/node_modules_next_dist_1ybzpk2._.js:2477
[  377190ms] [LOG] [Fast Refresh] rebuilding @ http://localhost:3001/_next/static/chunks/node_modules_next_dist_1ybzpk2._.js:2477
[  377490ms] [LOG] [Fast Refresh] done in 404ms @ http://localhost:3001/_next/static/chunks/node_modules_next_dist_1ybzpk2._.js:2477
[  379788ms] [LOG] [Fast Refresh] rebuilding @ http://localhost:3001/_next/static/chunks/node_modules_next_dist_1ybzpk2._.js:2477
[  380086ms] [LOG] [Fast Refresh] done in 400ms @ http://localhost:3001/_next/static/chunks/node_modules_next_dist_1ybzpk2._.js:2477
[  381121ms] [LOG] [Fast Refresh] rebuilding @ http://localhost:3001/_next/static/chunks/node_modules_next_dist_1ybzpk2._.js:2477
[  381338ms] [LOG] [Fast Refresh] done in 321ms @ http://localhost:3001/_next/static/chunks/node_modules_next_dist_1ybzpk2._.js:2477
[  401739ms] [LOG] [Fast Refresh] rebuilding @ http://localhost:3001/_next/static/chunks/node_modules_next_dist_1ybzpk2._.js:2477
[  403160ms] [LOG] [Fast Refresh] done in 1535ms @ http://localhost:3001/_next/static/chunks/node_modules_next_dist_1ybzpk2._.js:2477
[  403301ms] [LOG] [Fast Refresh] rebuilding @ http://localhost:3001/_next/static/chunks/node_modules_next_dist_1ybzpk2._.js:2477
[  403383ms] [LOG] [Fast Refresh] done in 188ms @ http://localhost:3001/_next/static/chunks/node_modules_next_dist_1ybzpk2._.js:2477
[  958126ms] [LOG] [Fast Refresh] rebuilding @ http://localhost:3001/_next/static/chunks/node_modules_next_dist_1ybzpk2._.js:2477
[  958518ms] [LOG] [Fast Refresh] done in 501ms @ http://localhost:3001/_next/static/chunks/node_modules_next_dist_1ybzpk2._.js:2477
[  976478ms] [LOG] [Fast Refresh] rebuilding @ http://localhost:3001/_next/static/chunks/node_modules_next_dist_1ybzpk2._.js:2477
[  976484ms] [LOG] [Fast Refresh] done in 111ms @ http://localhost:3001/_next/static/chunks/node_modules_next_dist_1ybzpk2._.js:2477
[ 1027724ms] [LOG] [Fast Refresh] rebuilding @ http://localhost:3001/_next/static/chunks/node_modules_next_dist_1ybzpk2._.js:2477
[ 1028571ms] [ERROR] ./src/components/Shell.tsx:17:1
Export startSim doesn't exist in target module
  15 | import { useEffect } from "react";
  16 | import { EXPIRIES } from "@/lib/sim";
> 17 | import { fmt, startSim, useStore } from "@/lib/store";
     | ^^^^^^^^^^^^^^^^^^^^^^^^^^^^^^^^^^^^^^^^^^^^^^^^^^^^^^
  18 | import type { Underlying } from "@/lib/types";
  19 |
  20 | const NAV = [

The export startSim was not found in module [project]/src/lib/store.ts [app-client] (ecmascript).
Did you mean to import startStream?
All exports of the module are statically known (It doesn't have dynamic exports). So it's known statically that the requested export doesn't exist.

Import trace:
  Server Component:
    ./src/components/Shell.tsx
    ./src/app/(terminal)/layout.tsx @ http://localhost:3001/_next/static/chunks/node_modules_next_dist_1ybzpk2._.js:3318
[ 1028572ms] [ERROR] ./src/components/Shell.tsx:17:1
Export startSim doesn't exist in target module
  15 | import { useEffect } from "react";
  16 | import { EXPIRIES } from "@/lib/sim";
> 17 | import { fmt, startSim, useStore } from "@/lib/store";
     | ^^^^^^^^^^^^^^^^^^^^^^^^^^^^^^^^^^^^^^^^^^^^^^^^^^^^^^
  18 | import type { Underlying } from "@/lib/types";
  19 |
  20 | const NAV = [

The export startSim was not found in module [project]/src/lib/store.ts [app-ssr] (ecmascript).
Did you mean to import startStream?
All exports of the module are statically known (It doesn't have dynamic exports). So it's known statically that the requested export doesn't exist.

Import trace:
  Server Component:
    ./src/components/Shell.tsx
    ./src/app/(terminal)/layout.tsx @ http://localhost:3001/_next/static/chunks/node_modules_next_dist_1ybzpk2._.js:3318
[ 1028924ms] [ERROR] ./src/components/Shell.tsx:17:1
Export startSim doesn't exist in target module
  15 | import { useEffect } from "react";
  16 | import { EXPIRIES } from "@/lib/sim";
> 17 | import { fmt, startSim, useStore } from "@/lib/store";
     | ^^^^^^^^^^^^^^^^^^^^^^^^^^^^^^^^^^^^^^^^^^^^^^^^^^^^^^
  18 | import type { Underlying } from "@/lib/types";
  19 |
  20 | const NAV = [

The export startSim was not found in module [project]/src/lib/store.ts [app-client] (ecmascript).
Did you mean to import startStream?
All exports of the module are statically known (It doesn't have dynamic exports). So it's known statically that the requested export doesn't exist.

Import trace:
  Server Component:
    ./src/components/Shell.tsx
    ./src/app/(terminal)/layout.tsx @ http://localhost:3001/_next/static/chunks/node_modules_next_dist_1ybzpk2._.js:3318
[ 1028924ms] [ERROR] ./src/components/Shell.tsx:17:1
Export startSim doesn't exist in target module
  15 | import { useEffect } from "react";
  16 | import { EXPIRIES } from "@/lib/sim";
> 17 | import { fmt, startSim, useStore } from "@/lib/store";
     | ^^^^^^^^^^^^^^^^^^^^^^^^^^^^^^^^^^^^^^^^^^^^^^^^^^^^^^
  18 | import type { Underlying } from "@/lib/types";
  19 |
  20 | const NAV = [

The export startSim was not found in module [project]/src/lib/store.ts [app-ssr] (ecmascript).
Did you mean to import startStream?
All exports of the module are statically known (It doesn't have dynamic exports). So it's known statically that the requested export doesn't exist.

Import trace:
  Server Component:
    ./src/components/Shell.tsx
    ./src/app/(terminal)/layout.tsx @ http://localhost:3001/_next/static/chunks/node_modules_next_dist_1ybzpk2._.js:3318
[ 1029039ms] [LOG] [Fast Refresh] rebuilding @ http://localhost:3001/_next/static/chunks/node_modules_next_dist_1ybzpk2._.js:2477
[ 1029790ms] [ERROR] ./src/components/Shell.tsx:17:1
Export startSim doesn't exist in target module
  15 | import { useEffect } from "react";
  16 | import { EXPIRIES } from "@/lib/sim";
> 17 | import { fmt, startSim, useStore } from "@/lib/store";
     | ^^^^^^^^^^^^^^^^^^^^^^^^^^^^^^^^^^^^^^^^^^^^^^^^^^^^^^
  18 | import type { Underlying } from "@/lib/types";
  19 |
  20 | const NAV = [

The export startSim was not found in module [project]/src/lib/store.ts [app-client] (ecmascript).
Did you mean to import startStream?
All exports of the module are statically known (It doesn't have dynamic exports). So it's known statically that the requested export doesn't exist.

Import trace:
  Server Component:
    ./src/components/Shell.tsx
    ./src/app/(terminal)/layout.tsx @ http://localhost:3001/_next/static/chunks/node_modules_next_dist_1ybzpk2._.js:3318
[ 1029791ms] [ERROR] ./src/components/Shell.tsx:17:1
Export startSim doesn't exist in target module
  15 | import { useEffect } from "react";
  16 | import { EXPIRIES } from "@/lib/sim";
> 17 | import { fmt, startSim, useStore } from "@/lib/store";
     | ^^^^^^^^^^^^^^^^^^^^^^^^^^^^^^^^^^^^^^^^^^^^^^^^^^^^^^
  18 | import type { Underlying } from "@/lib/types";
  19 |
  20 | const NAV = [

The export startSim was not found in module [project]/src/lib/store.ts [app-ssr] (ecmascript).
Did you mean to import startStream?
All exports of the module are statically known (It doesn't have dynamic exports). So it's known statically that the requested export doesn't exist.

Import trace:
  Server Component:
    ./src/components/Shell.tsx
    ./src/app/(terminal)/layout.tsx @ http://localhost:3001/_next/static/chunks/node_modules_next_dist_1ybzpk2._.js:3318
[ 1029895ms] [LOG] [Fast Refresh] rebuilding @ http://localhost:3001/_next/static/chunks/node_modules_next_dist_1ybzpk2._.js:2477
[ 1029901ms] [ERROR] ./src/components/Shell.tsx:17:1
Export startSim doesn't exist in target module
  15 | import { useEffect } from "react";
  16 | import { EXPIRIES } from "@/lib/sim";
> 17 | import { fmt, startSim, useStore } from "@/lib/store";
     | ^^^^^^^^^^^^^^^^^^^^^^^^^^^^^^^^^^^^^^^^^^^^^^^^^^^^^^
  18 | import type { Underlying } from "@/lib/types";
  19 |
  20 | const NAV = [

The export startSim was not found in module [project]/src/lib/store.ts [app-client] (ecmascript).
Did you mean to import startStream?
All exports of the module are statically known (It doesn't have dynamic exports). So it's known statically that the requested export doesn't exist.

Import trace:
  Server Component:
    ./src/components/Shell.tsx
    ./src/app/(terminal)/layout.tsx @ http://localhost:3001/_next/static/chunks/node_modules_next_dist_1ybzpk2._.js:3318
[ 1029901ms] [ERROR] ./src/components/Shell.tsx:17:1
Export startSim doesn't exist in target module
  15 | import { useEffect } from "react";
  16 | import { EXPIRIES } from "@/lib/sim";
> 17 | import { fmt, startSim, useStore } from "@/lib/store";
     | ^^^^^^^^^^^^^^^^^^^^^^^^^^^^^^^^^^^^^^^^^^^^^^^^^^^^^^
  18 | import type { Underlying } from "@/lib/types";
  19 |
  20 | const NAV = [

The export startSim was not found in module [project]/src/lib/store.ts [app-ssr] (ecmascript).
Did you mean to import startStream?
All exports of the module are statically known (It doesn't have dynamic exports). So it's known statically that the requested export doesn't exist.

Import trace:
  Server Component:
    ./src/components/Shell.tsx
    ./src/app/(terminal)/layout.tsx @ http://localhost:3001/_next/static/chunks/node_modules_next_dist_1ybzpk2._.js:3318
[ 1030006ms] [LOG] [Fast Refresh] rebuilding @ http://localhost:3001/_next/static/chunks/node_modules_next_dist_1ybzpk2._.js:2477
[ 1031885ms] [ERROR] Failed to load resource: the server responded with a status of 500 (Internal Server Error) @ http://localhost:3001/chain?_rsc=9bD_ABZyGeei3WvF:0
[ 1031910ms] [ERROR] ./src/components/Shell.tsx:17:1
Export startSim doesn't exist in target module
  15 | import { useEffect } from "react";
  16 | import { EXPIRIES } from "@/lib/sim";
> 17 | import { fmt, startSim, useStore } from "@/lib/store";
     | ^^^^^^^^^^^^^^^^^^^^^^^^^^^^^^^^^^^^^^^^^^^^^^^^^^^^^^
  18 | import type { Underlying } from "@/lib/types";
  19 |
  20 | const NAV = [

The export startSim was not found in module [project]/src/lib/store.ts [app-client] (ecmascript).
Did you mean to import startStream?
All exports of the module are statically known (It doesn't have dynamic exports). So it's known statically that the requested export doesn't exist.

Import trace:
  Server Component:
    ./src/components/Shell.tsx
    ./src/app/(terminal)/layout.tsx @ http://localhost:3001/_next/static/chunks/node_modules_next_dist_1ybzpk2._.js:3318
[ 1031911ms] [ERROR] ./src/components/Shell.tsx:17:1
Export startSim doesn't exist in target module
  15 | import { useEffect } from "react";
  16 | import { EXPIRIES } from "@/lib/sim";
> 17 | import { fmt, startSim, useStore } from "@/lib/store";
     | ^^^^^^^^^^^^^^^^^^^^^^^^^^^^^^^^^^^^^^^^^^^^^^^^^^^^^^
  18 | import type { Underlying } from "@/lib/types";
  19 |
  20 | const NAV = [

The export startSim was not found in module [project]/src/lib/store.ts [app-ssr] (ecmascript).
Did you mean to import startStream?
All exports of the module are statically known (It doesn't have dynamic exports). So it's known statically that the requested export doesn't exist.

Import trace:
  Server Component:
    ./src/components/Shell.tsx
    ./src/app/(terminal)/layout.tsx @ http://localhost:3001/_next/static/chunks/node_modules_next_dist_1ybzpk2._.js:3318
[ 1031990ms] [ERROR] Failed to load resource: the server responded with a status of 500 (Internal Server Error) @ http://localhost:3001/chain?_rsc=9bD_ABZyGeei3WvF:0
[ 1032017ms] [ERROR] ./src/components/Shell.tsx:17:1
Export startSim doesn't exist in target module
  15 | import { useEffect } from "react";
  16 | import { EXPIRIES } from "@/lib/sim";
> 17 | import { fmt, startSim, useStore } from "@/lib/store";
     | ^^^^^^^^^^^^^^^^^^^^^^^^^^^^^^^^^^^^^^^^^^^^^^^^^^^^^^
  18 | import type { Underlying } from "@/lib/types";
  19 |
  20 | const NAV = [

The export startSim was not found in module [project]/src/lib/store.ts [app-client] (ecmascript).
Did you mean to import startStream?
All exports of the module are statically known (It doesn't have dynamic exports). So it's known statically that the requested export doesn't exist.

Import trace:
  Server Component:
    ./src/components/Shell.tsx
    ./src/app/(terminal)/layout.tsx @ http://localhost:3001/_next/static/chunks/node_modules_next_dist_1ybzpk2._.js:3318
[ 1032018ms] [ERROR] ./src/components/Shell.tsx:17:1
Export startSim doesn't exist in target module
  15 | import { useEffect } from "react";
  16 | import { EXPIRIES } from "@/lib/sim";
> 17 | import { fmt, startSim, useStore } from "@/lib/store";
     | ^^^^^^^^^^^^^^^^^^^^^^^^^^^^^^^^^^^^^^^^^^^^^^^^^^^^^^
  18 | import type { Underlying } from "@/lib/types";
  19 |
  20 | const NAV = [

The export startSim was not found in module [project]/src/lib/store.ts [app-ssr] (ecmascript).
Did you mean to import startStream?
All exports of the module are statically known (It doesn't have dynamic exports). So it's known statically that the requested export doesn't exist.

Import trace:
  Server Component:
    ./src/components/Shell.tsx
    ./src/app/(terminal)/layout.tsx @ http://localhost:3001/_next/static/chunks/node_modules_next_dist_1ybzpk2._.js:3318
[ 1032100ms] [ERROR] Failed to load resource: the server responded with a status of 500 (Internal Server Error) @ http://localhost:3001/chain:0
[ 1032342ms] [INFO] %cDownload the React DevTools for a better development experience: https://react.dev/link/react-devtools font-weight:bold @ http://localhost:3001/_next/static/chunks/node_modules_react-dom_0kla17-._.js:15305
[ 1032514ms] Error: ./src/components/Shell.tsx:17:1
Export startSim doesn't exist in target module
  15 | import { useEffect } from "react";
  16 | import { EXPIRIES } from "@/lib/sim";
> 17 | import { fmt, startSim, useStore } from "@/lib/store";
     | ^^^^^^^^^^^^^^^^^^^^^^^^^^^^^^^^^^^^^^^^^^^^^^^^^^^^^^
  18 | import type { Underlying } from "@/lib/types";
  19 |
  20 | const NAV = [

The export startSim was not found in module [project]/src/lib/store.ts [app-client] (ecmascript).
Did you mean to import startStream?
All exports of the module are statically known (It doesn't have dynamic exports). So it's known statically that the requested export doesn't exist.

Import trace:
  Server Component:
    ./src/components/Shell.tsx
    ./src/app/(terminal)/layout.tsx


    at <unknown> (Error: ./src/components/Shell.tsx:17:1)
    at Object.getCompilationErrors (file://C:\dev\paper_trader\frontend\node_modules\next\dist\server\dev\hot-reloader-turbopack.js:1186:59)
    at DevBundlerService.getCompilationError (file://C:\dev\paper_trader\frontend\node_modules\next\dist\server\lib\dev-bundler-service.js:44:55)
    at DevServer.getCompilationError (file://C:\dev\paper_trader\frontend\node_modules\next\dist\server\dev\next-dev-server.js:720:42)
    at DevServer.findPageComponents (file://C:\dev\paper_trader\frontend\node_modules\next\dist\server\dev\next-dev-server.js:690:43)
    at async DevServer.renderErrorToResponseImpl (file://C:\dev\paper_trader\frontend\node_modules\next\dist\server\base-server.js:1753:26)
[ 1032465ms] [LOG] [HMR] connected @ http://localhost:3001/_next/static/chunks/node_modules_next_dist_1gdrd03._.js:1226
[ 1032474ms] [ERROR] ./src/components/Shell.tsx:17:1
Export startSim doesn't exist in target module
  15 | import { useEffect } from "react";
  16 | import { EXPIRIES } from "@/lib/sim";
> 17 | import { fmt, startSim, useStore } from "@/lib/store";
     | ^^^^^^^^^^^^^^^^^^^^^^^^^^^^^^^^^^^^^^^^^^^^^^^^^^^^^^
  18 | import type { Underlying } from "@/lib/types";
  19 |
  20 | const NAV = [

The export startSim was not found in module [project]/src/lib/store.ts [app-client] (ecmascript).
Did you mean to import startStream?
All exports of the module are statically known (It doesn't have dynamic exports). So it's known statically that the requested export doesn't exist.

Import trace:
  Server Component:
    ./src/components/Shell.tsx
    ./src/app/(terminal)/layout.tsx @ http://localhost:3001/_next/static/chunks/node_modules_next_dist_1gdrd03._.js:1945
[ 1032474ms] [ERROR] ./src/components/Shell.tsx:17:1
Export startSim doesn't exist in target module
  15 | import { useEffect } from "react";
  16 | import { EXPIRIES } from "@/lib/sim";
> 17 | import { fmt, startSim, useStore } from "@/lib/store";
     | ^^^^^^^^^^^^^^^^^^^^^^^^^^^^^^^^^^^^^^^^^^^^^^^^^^^^^^
  18 | import type { Underlying } from "@/lib/types";
  19 |
  20 | const NAV = [

The export startSim was not found in module [project]/src/lib/store.ts [app-ssr] (ecmascript).
Did you mean to import startStream?
All exports of the module are statically known (It doesn't have dynamic exports). So it's known statically that the requested export doesn't exist.

Import trace:
  Server Component:
    ./src/components/Shell.tsx
    ./src/app/(terminal)/layout.tsx @ http://localhost:3001/_next/static/chunks/node_modules_next_dist_1gdrd03._.js:1945
[ 1032475ms] [ERROR] ./src/components/Shell.tsx:17:1
Export startSim doesn't exist in target module
  15 | import { useEffect } from "react";
  16 | import { EXPIRIES } from "@/lib/sim";
> 17 | import { fmt, startSim, useStore } from "@/lib/store";
     | ^^^^^^^^^^^^^^^^^^^^^^^^^^^^^^^^^^^^^^^^^^^^^^^^^^^^^^
  18 | import type { Underlying } from "@/lib/types";
  19 |
  20 | const NAV = [

The export startSim was not found in module [project]/src/lib/store.ts [app-client] (ecmascript).
Did you mean to import startStream?
All exports of the module are statically known (It doesn't have dynamic exports). So it's known statically that the requested export doesn't exist.

Import trace:
  Server Component:
    ./src/components/Shell.tsx
    ./src/app/(terminal)/layout.tsx @ http://localhost:3001/_next/static/chunks/node_modules_next_dist_1gdrd03._.js:1945
[ 1032475ms] [ERROR] ./src/components/Shell.tsx:17:1
Export startSim doesn't exist in target module
  15 | import { useEffect } from "react";
  16 | import { EXPIRIES } from "@/lib/sim";
> 17 | import { fmt, startSim, useStore } from "@/lib/store";
     | ^^^^^^^^^^^^^^^^^^^^^^^^^^^^^^^^^^^^^^^^^^^^^^^^^^^^^^
  18 | import type { Underlying } from "@/lib/types";
  19 |
  20 | const NAV = [

The export startSim was not found in module [project]/src/lib/store.ts [app-ssr] (ecmascript).
Did you mean to import startStream?
All exports of the module are statically known (It doesn't have dynamic exports). So it's known statically that the requested export doesn't exist.

Import trace:
  Server Component:
    ./src/components/Shell.tsx
    ./src/app/(terminal)/layout.tsx @ http://localhost:3001/_next/static/chunks/node_modules_next_dist_1gdrd03._.js:1945
[ 1032475ms] [ERROR] ./src/components/Shell.tsx:17:1
Export startSim doesn't exist in target module
  15 | import { useEffect } from "react";
  16 | import { EXPIRIES } from "@/lib/sim";
> 17 | import { fmt, startSim, useStore } from "@/lib/store";
     | ^^^^^^^^^^^^^^^^^^^^^^^^^^^^^^^^^^^^^^^^^^^^^^^^^^^^^^
  18 | import type { Underlying } from "@/lib/types";
  19 |
  20 | const NAV = [

The export startSim was not found in module [project]/src/lib/store.ts [app-client] (ecmascript).
Did you mean to import startStream?
All exports of the module are statically known (It doesn't have dynamic exports). So it's known statically that the requested export doesn't exist.

Import trace:
  Server Component:
    ./src/components/Shell.tsx
    ./src/app/(terminal)/layout.tsx @ http://localhost:3001/_next/static/chunks/node_modules_next_dist_1gdrd03._.js:1945
[ 1032475ms] [ERROR] ./src/components/Shell.tsx:17:1
Export startSim doesn't exist in target module
  15 | import { useEffect } from "react";
  16 | import { EXPIRIES } from "@/lib/sim";
> 17 | import { fmt, startSim, useStore } from "@/lib/store";
     | ^^^^^^^^^^^^^^^^^^^^^^^^^^^^^^^^^^^^^^^^^^^^^^^^^^^^^^
  18 | import type { Underlying } from "@/lib/types";
  19 |
  20 | const NAV = [

The export startSim was not found in module [project]/src/lib/store.ts [app-ssr] (ecmascript).
Did you mean to import startStream?
All exports of the module are statically known (It doesn't have dynamic exports). So it's known statically that the requested export doesn't exist.

Import trace:
  Server Component:
    ./src/components/Shell.tsx
    ./src/app/(terminal)/layout.tsx @ http://localhost:3001/_next/static/chunks/node_modules_next_dist_1gdrd03._.js:1945
[ 1032475ms] [ERROR] ./src/components/Shell.tsx:17:1
Export startSim doesn't exist in target module
  15 | import { useEffect } from "react";
  16 | import { EXPIRIES } from "@/lib/sim";
> 17 | import { fmt, startSim, useStore } from "@/lib/store";
     | ^^^^^^^^^^^^^^^^^^^^^^^^^^^^^^^^^^^^^^^^^^^^^^^^^^^^^^
  18 | import type { Underlying } from "@/lib/types";
  19 |
  20 | const NAV = [

The export startSim was not found in module [project]/src/lib/store.ts [app-client] (ecmascript).
Did you mean to import startStream?
All exports of the module are statically known (It doesn't have dynamic exports). So it's known statically that the requested export doesn't exist.

Import trace:
  Server Component:
    ./src/components/Shell.tsx
    ./src/app/(terminal)/layout.tsx @ http://localhost:3001/_next/static/chunks/node_modules_next_dist_1gdrd03._.js:1945
[ 1032475ms] [ERROR] ./src/components/Shell.tsx:17:1
Export startSim doesn't exist in target module
  15 | import { useEffect } from "react";
  16 | import { EXPIRIES } from "@/lib/sim";
> 17 | import { fmt, startSim, useStore } from "@/lib/store";
     | ^^^^^^^^^^^^^^^^^^^^^^^^^^^^^^^^^^^^^^^^^^^^^^^^^^^^^^
  18 | import type { Underlying } from "@/lib/types";
  19 |
  20 | const NAV = [

The export startSim was not found in module [project]/src/lib/store.ts [app-ssr] (ecmascript).
Did you mean to import startStream?
All exports of the module are statically known (It doesn't have dynamic exports). So it's known statically that the requested export doesn't exist.

Import trace:
  Server Component:
    ./src/components/Shell.tsx
    ./src/app/(terminal)/layout.tsx @ http://localhost:3001/_next/static/chunks/node_modules_next_dist_1gdrd03._.js:1945
[ 1032475ms] [ERROR] ./src/components/Shell.tsx:17:1
Export startSim doesn't exist in target module
  15 | import { useEffect } from "react";
  16 | import { EXPIRIES } from "@/lib/sim";
> 17 | import { fmt, startSim, useStore } from "@/lib/store";
     | ^^^^^^^^^^^^^^^^^^^^^^^^^^^^^^^^^^^^^^^^^^^^^^^^^^^^^^
  18 | import type { Underlying } from "@/lib/types";
  19 |
  20 | const NAV = [

The export startSim was not found in module [project]/src/lib/store.ts [app-client] (ecmascript).
Did you mean to import startStream?
All exports of the module are statically known (It doesn't have dynamic exports). So it's known statically that the requested export doesn't exist.

Import trace:
  Server Component:
    ./src/components/Shell.tsx
    ./src/app/(terminal)/layout.tsx @ http://localhost:3001/_next/static/chunks/node_modules_next_dist_1gdrd03._.js:1945
[ 1032475ms] [ERROR] ./src/components/Shell.tsx:17:1
Export startSim doesn't exist in target module
  15 | import { useEffect } from "react";
  16 | import { EXPIRIES } from "@/lib/sim";
> 17 | import { fmt, startSim, useStore } from "@/lib/store";
     | ^^^^^^^^^^^^^^^^^^^^^^^^^^^^^^^^^^^^^^^^^^^^^^^^^^^^^^
  18 | import type { Underlying } from "@/lib/types";
  19 |
  20 | const NAV = [

The export startSim was not found in module [project]/src/lib/store.ts [app-ssr] (ecmascript).
Did you mean to import startStream?
All exports of the module are statically known (It doesn't have dynamic exports). So it's known statically that the requested export doesn't exist.

Import trace:
  Server Component:
    ./src/components/Shell.tsx
    ./src/app/(terminal)/layout.tsx @ http://localhost:3001/_next/static/chunks/node_modules_next_dist_1gdrd03._.js:1945
[ 1032476ms] [ERROR] ./src/components/Shell.tsx:17:1
Export startSim doesn't exist in target module
  15 | import { useEffect } from "react";
  16 | import { EXPIRIES } from "@/lib/sim";
> 17 | import { fmt, startSim, useStore } from "@/lib/store";
     | ^^^^^^^^^^^^^^^^^^^^^^^^^^^^^^^^^^^^^^^^^^^^^^^^^^^^^^
  18 | import type { Underlying } from "@/lib/types";
  19 |
  20 | const NAV = [

The export startSim was not found in module [project]/src/lib/store.ts [app-client] (ecmascript).
Did you mean to import startStream?
All exports of the module are statically known (It doesn't have dynamic exports). So it's known statically that the requested export doesn't exist.

Import trace:
  Server Component:
    ./src/components/Shell.tsx
    ./src/app/(terminal)/layout.tsx @ http://localhost:3001/_next/static/chunks/node_modules_next_dist_1gdrd03._.js:1945
[ 1032476ms] [ERROR] ./src/components/Shell.tsx:17:1
Export startSim doesn't exist in target module
  15 | import { useEffect } from "react";
  16 | import { EXPIRIES } from "@/lib/sim";
> 17 | import { fmt, startSim, useStore } from "@/lib/store";
     | ^^^^^^^^^^^^^^^^^^^^^^^^^^^^^^^^^^^^^^^^^^^^^^^^^^^^^^
  18 | import type { Underlying } from "@/lib/types";
  19 |
  20 | const NAV = [

The export startSim was not found in module [project]/src/lib/store.ts [app-ssr] (ecmascript).
Did you mean to import startStream?
All exports of the module are statically known (It doesn't have dynamic exports). So it's known statically that the requested export doesn't exist.

Import trace:
  Server Component:
    ./src/components/Shell.tsx
    ./src/app/(terminal)/layout.tsx @ http://localhost:3001/_next/static/chunks/node_modules_next_dist_1gdrd03._.js:1945
[ 1032532ms] [ERROR] ./src/components/Shell.tsx:17:1
Export startSim doesn't exist in target module
  15 | import { useEffect } from "react";
  16 | import { EXPIRIES } from "@/lib/sim";
> 17 | import { fmt, startSim, useStore } from "@/lib/store";
     | ^^^^^^^^^^^^^^^^^^^^^^^^^^^^^^^^^^^^^^^^^^^^^^^^^^^^^^
  18 | import type { Underlying } from "@/lib/types";
  19 |
  20 | const NAV = [

The export startSim was not found in module [project]/src/lib/store.ts [app-client] (ecmascript).
Did you mean to import startStream?
All exports of the module are statically known (It doesn't have dynamic exports). So it's known statically that the requested export doesn't exist.

Import trace:
  Server Component:
    ./src/components/Shell.tsx
    ./src/app/(terminal)/layout.tsx @ http://localhost:3001/_next/static/chunks/node_modules_next_dist_1gdrd03._.js:1945
[ 1032532ms] [ERROR] ./src/components/Shell.tsx:17:1
Export startSim doesn't exist in target module
  15 | import { useEffect } from "react";
  16 | import { EXPIRIES } from "@/lib/sim";
> 17 | import { fmt, startSim, useStore } from "@/lib/store";
     | ^^^^^^^^^^^^^^^^^^^^^^^^^^^^^^^^^^^^^^^^^^^^^^^^^^^^^^
  18 | import type { Underlying } from "@/lib/types";
  19 |
  20 | const NAV = [

The export startSim was not found in module [project]/src/lib/store.ts [app-ssr] (ecmascript).
Did you mean to import startStream?
All exports of the module are statically known (It doesn't have dynamic exports). So it's known statically that the requested export doesn't exist.

Import trace:
  Server Component:
    ./src/components/Shell.tsx
    ./src/app/(terminal)/layout.tsx @ http://localhost:3001/_next/static/chunks/node_modules_next_dist_1gdrd03._.js:1945
[ 1032612ms] [ERROR] ./src/components/Shell.tsx:17:1
Export startSim doesn't exist in target module
  15 | import { useEffect } from "react";
  16 | import { EXPIRIES } from "@/lib/sim";
> 17 | import { fmt, startSim, useStore } from "@/lib/store";
     | ^^^^^^^^^^^^^^^^^^^^^^^^^^^^^^^^^^^^^^^^^^^^^^^^^^^^^^
  18 | import type { Underlying } from "@/lib/types";
  19 |
  20 | const NAV = [

The export startSim was not found in module [project]/src/lib/store.ts [app-client] (ecmascript).
Did you mean to import startStream?
All exports of the module are statically known (It doesn't have dynamic exports). So it's known statically that the requested export doesn't exist.

Import trace:
  Server Component:
    ./src/components/Shell.tsx
    ./src/app/(terminal)/layout.tsx @ http://localhost:3001/_next/static/chunks/node_modules_next_dist_1gdrd03._.js:1945
[ 1032613ms] [ERROR] ./src/components/Shell.tsx:17:1
Export startSim doesn't exist in target module
  15 | import { useEffect } from "react";
  16 | import { EXPIRIES } from "@/lib/sim";
> 17 | import { fmt, startSim, useStore } from "@/lib/store";
     | ^^^^^^^^^^^^^^^^^^^^^^^^^^^^^^^^^^^^^^^^^^^^^^^^^^^^^^
  18 | import type { Underlying } from "@/lib/types";
  19 |
  20 | const NAV = [

The export startSim was not found in module [project]/src/lib/store.ts [app-ssr] (ecmascript).
Did you mean to import startStream?
All exports of the module are statically known (It doesn't have dynamic exports). So it's known statically that the requested export doesn't exist.

Import trace:
  Server Component:
    ./src/components/Shell.tsx
    ./src/app/(terminal)/layout.tsx @ http://localhost:3001/_next/static/chunks/node_modules_next_dist_1gdrd03._.js:1945
[ 1032615ms] [ERROR] ./src/components/Shell.tsx:17:1
Export startSim doesn't exist in target module
  15 | import { useEffect } from "react";
  16 | import { EXPIRIES } from "@/lib/sim";
> 17 | import { fmt, startSim, useStore } from "@/lib/store";
     | ^^^^^^^^^^^^^^^^^^^^^^^^^^^^^^^^^^^^^^^^^^^^^^^^^^^^^^
  18 | import type { Underlying } from "@/lib/types";
  19 |
  20 | const NAV = [

The export startSim was not found in module [project]/src/lib/store.ts [app-client] (ecmascript).
Did you mean to import startStream?
All exports of the module are statically known (It doesn't have dynamic exports). So it's known statically that the requested export doesn't exist.

Import trace:
  Server Component:
    ./src/components/Shell.tsx
    ./src/app/(terminal)/layout.tsx @ http://localhost:3001/_next/static/chunks/node_modules_next_dist_1gdrd03._.js:1945
[ 1032615ms] [ERROR] ./src/components/Shell.tsx:17:1
Export startSim doesn't exist in target module
  15 | import { useEffect } from "react";
  16 | import { EXPIRIES } from "@/lib/sim";
> 17 | import { fmt, startSim, useStore } from "@/lib/store";
     | ^^^^^^^^^^^^^^^^^^^^^^^^^^^^^^^^^^^^^^^^^^^^^^^^^^^^^^
  18 | import type { Underlying } from "@/lib/types";
  19 |
  20 | const NAV = [

The export startSim was not found in module [project]/src/lib/store.ts [app-ssr] (ecmascript).
Did you mean to import startStream?
All exports of the module are statically known (It doesn't have dynamic exports). So it's known statically that the requested export doesn't exist.

Import trace:
  Server Component:
    ./src/components/Shell.tsx
    ./src/app/(terminal)/layout.tsx @ http://localhost:3001/_next/static/chunks/node_modules_next_dist_1gdrd03._.js:1945
[ 1032630ms] [ERROR] ./src/components/Shell.tsx:17:1
Export startSim doesn't exist in target module
  15 | import { useEffect } from "react";
  16 | import { EXPIRIES } from "@/lib/sim";
> 17 | import { fmt, startSim, useStore } from "@/lib/store";
     | ^^^^^^^^^^^^^^^^^^^^^^^^^^^^^^^^^^^^^^^^^^^^^^^^^^^^^^
  18 | import type { Underlying } from "@/lib/types";
  19 |
  20 | const NAV = [

The export startSim was not found in module [project]/src/lib/store.ts [app-client] (ecmascript).
Did you mean to import startStream?
All exports of the module are statically known (It doesn't have dynamic exports). So it's known statically that the requested export doesn't exist.

Import trace:
  Server Component:
    ./src/components/Shell.tsx
    ./src/app/(terminal)/layout.tsx @ http://localhost:3001/_next/static/chunks/node_modules_next_dist_1gdrd03._.js:1945
[ 1032630ms] [ERROR] ./src/components/Shell.tsx:17:1
Export startSim doesn't exist in target module
  15 | import { useEffect } from "react";
  16 | import { EXPIRIES } from "@/lib/sim";
> 17 | import { fmt, startSim, useStore } from "@/lib/store";
     | ^^^^^^^^^^^^^^^^^^^^^^^^^^^^^^^^^^^^^^^^^^^^^^^^^^^^^^
  18 | import type { Underlying } from "@/lib/types";
  19 |
  20 | const NAV = [

The export startSim was not found in module [project]/src/lib/store.ts [app-ssr] (ecmascript).
Did you mean to import startStream?
All exports of the module are statically known (It doesn't have dynamic exports). So it's known statically that the requested export doesn't exist.

Import trace:
  Server Component:
    ./src/components/Shell.tsx
    ./src/app/(terminal)/layout.tsx @ http://localhost:3001/_next/static/chunks/node_modules_next_dist_1gdrd03._.js:1945
[ 1032721ms] [LOG] [Fast Refresh] rebuilding @ http://localhost:3001/_next/static/chunks/node_modules_next_dist_1gdrd03._.js:1226
[ 1033011ms] [ERROR] ./src/components/Shell.tsx:17:1
Export startSim doesn't exist in target module
  15 | import { useEffect } from "react";
  16 | import { EXPIRIES } from "@/lib/sim";
> 17 | import { fmt, startSim, useStore } from "@/lib/store";
     | ^^^^^^^^^^^^^^^^^^^^^^^^^^^^^^^^^^^^^^^^^^^^^^^^^^^^^^
  18 | import type { Underlying } from "@/lib/types";
  19 |
  20 | const NAV = [

The export startSim was not found in module [project]/src/lib/store.ts [app-client] (ecmascript).
Did you mean to import startStream?
All exports of the module are statically known (It doesn't have dynamic exports). So it's known statically that the requested export doesn't exist.

Import trace:
  Server Component:
    ./src/components/Shell.tsx
    ./src/app/(terminal)/layout.tsx @ http://localhost:3001/_next/static/chunks/node_modules_next_dist_1gdrd03._.js:1945
[ 1033011ms] [ERROR] ./src/components/Shell.tsx:17:1
Export startSim doesn't exist in target module
  15 | import { useEffect } from "react";
  16 | import { EXPIRIES } from "@/lib/sim";
> 17 | import { fmt, startSim, useStore } from "@/lib/store";
     | ^^^^^^^^^^^^^^^^^^^^^^^^^^^^^^^^^^^^^^^^^^^^^^^^^^^^^^
  18 | import type { Underlying } from "@/lib/types";
  19 |
  20 | const NAV = [

The export startSim was not found in module [project]/src/lib/store.ts [app-ssr] (ecmascript).
Did you mean to import startStream?
All exports of the module are statically known (It doesn't have dynamic exports). So it's known statically that the requested export doesn't exist.

Import trace:
  Server Component:
    ./src/components/Shell.tsx
    ./src/app/(terminal)/layout.tsx @ http://localhost:3001/_next/static/chunks/node_modules_next_dist_1gdrd03._.js:1945
[ 1033076ms] [LOG] [Fast Refresh] rebuilding @ http://localhost:3001/_next/static/chunks/node_modules_next_dist_1gdrd03._.js:1226
[ 1055528ms] [LOG] [Fast Refresh] rebuilding @ http://localhost:3001/_next/static/chunks/node_modules_next_dist_1gdrd03._.js:1226
[ 1055895ms] [LOG] [Fast Refresh] done in 471ms @ http://localhost:3001/_next/static/chunks/node_modules_next_dist_1gdrd03._.js:1226
[ 1056042ms] [LOG] [Fast Refresh] rebuilding @ http://localhost:3001/_next/static/chunks/node_modules_next_dist_1gdrd03._.js:1226
[ 1056456ms] [LOG] [Fast Refresh] done in 517ms @ http://localhost:3001/_next/static/chunks/node_modules_next_dist_1gdrd03._.js:1226
[ 1056536ms] [ERROR] Failed to load resource: the server responded with a status of 500 (Internal Server Error) @ http://localhost:3001/chain:0
[ 1056798ms] [INFO] %cDownload the React DevTools for a better development experience: https://react.dev/link/react-devtools font-weight:bold @ http://localhost:3001/_next/static/chunks/node_modules_next_dist_1ybzpk2._.js:2477
[ 1056853ms] [LOG] [HMR] connected @ http://localhost:3001/_next/static/chunks/node_modules_next_dist_1ybzpk2._.js:2477
[ 1057016ms] TypeError: Cannot read properties of null (reading 'rows')
    at ChainPage (http://localhost:3001/_next/static/chunks/src_app_(terminal)_chain_page_tsx_0zm3dha._.js:45:27)
    at Object.react_stack_bottom_frame (http://localhost:3001/_next/static/chunks/node_modules_next_dist_compiled_react-dom_096_9a-._.js:15037:24)
    at renderWithHooks (http://localhost:3001/_next/static/chunks/node_modules_next_dist_compiled_react-dom_096_9a-._.js:4620:24)
    at updateFunctionComponent (http://localhost:3001/_next/static/chunks/node_modules_next_dist_compiled_react-dom_096_9a-._.js:6081:21)
    at beginWork (http://localhost:3001/_next/static/chunks/node_modules_next_dist_compiled_react-dom_096_9a-._.js:6691:24)
    at runWithFiberInDEV (http://localhost:3001/_next/static/chunks/node_modules_next_dist_compiled_react-dom_096_9a-._.js:965:74)
    at performUnitOfWork (http://localhost:3001/_next/static/chunks/node_modules_next_dist_compiled_react-dom_096_9a-._.js:9555:97)
    at workLoopSync (http://localhost:3001/_next/static/chunks/node_modules_next_dist_compiled_react-dom_096_9a-._.js:9449:40)
    at renderRootSync (http://localhost:3001/_next/static/chunks/node_modules_next_dist_compiled_react-dom_096_9a-._.js:9433:13)
    at performWorkOnRoot (http://localhost:3001/_next/static/chunks/node_modules_next_dist_compiled_react-dom_096_9a-._.js:9098:47)
    at performWorkOnRootViaSchedulerTask (http://localhost:3001/_next/static/chunks/node_modules_next_dist_compiled_react-dom_096_9a-._.js:10255:9)
    at MessagePort.performWorkUntilDeadline (http://localhost:3001/_next/static/chunks/node_modules_next_dist_compiled_1amofcm._.js:2647:64)
[ 1071371ms] [LOG] [Fast Refresh] rebuilding @ http://localhost:3001/_next/static/chunks/node_modules_next_dist_1ybzpk2._.js:2477
[ 1071398ms] [WARNING] [Fast Refresh] performing full reload because your application had an unrecoverable error @ http://localhost:3001/_next/static/chunks/node_modules_next_dist_1ybzpk2._.js:2477
[ 1071585ms] [LOG] [Fast Refresh] done in 82ms @ http://localhost:3001/_next/static/chunks/node_modules_next_dist_1ybzpk2._.js:2477
[ 1071651ms] [INFO] %cDownload the React DevTools for a better development experience: https://react.dev/link/react-devtools font-weight:bold @ http://localhost:3001/_next/static/chunks/node_modules_next_dist_1ybzpk2._.js:2477
[ 1071668ms] [LOG] [HMR] connected @ http://localhost:3001/_next/static/chunks/node_modules_next_dist_1ybzpk2._.js:2477
[ 1074066ms] [ERROR] WebSocket connection to 'ws://localhost:8010/ws/chain' failed: Error in connection establishment: net::ERR_CONNECTION_REFUSED @ http://localhost:3001/_next/static/chunks/_20k4yni._.js:66
[ 1074082ms] [ERROR] Failed to load resource: net::ERR_CONNECTION_REFUSED @ http://localhost:8010/api/chain/expiries?underlying=BTC:0
[ 1078972ms] [LOG] [Fast Refresh] rebuilding @ http://localhost:3001/_next/static/chunks/node_modules_next_dist_1ybzpk2._.js:2477
[ 1079096ms] [LOG] [Fast Refresh] done in 54ms @ http://localhost:3001/_next/static/chunks/node_modules_next_dist_1ybzpk2._.js:2477
